app-download-ledger.com                   0 
berkeley.edu                            500 
bitlogins.com                            50 
bitslogin.com                            15 
bitstamlogi.com                          17 
cashapplogs.com                           6 
ccoinbaselogin.com                        7 
codeacti.com                             24 
coiinnb.com                              13 
coiinsb.com                               2 
coinbasefree.com                          0 
coinbaselogiin.com                       11 
coinbaseloginn.com                       19 
coinbaseloginus.com                      12 
coinbaseuslogin.com                       8 
coinbaswallet.com                        18 
coinbselogin.com                          4 
coinbselogs.com                          10 
coindesklogin.com                        11 
coinlogi.com                             10 
coinloginn.com                           10 
coinlogins.com                           33 
coinlogn.com                              0 
coinlogs.us                              15 
coinsextension.com                        7 
coinslogi.com                             6 
coinsloginn.com                          19 
coinslogins.com                          14 
coinsloginx.com                           8 
coinslogs.com                            20 
coinslogus.com                           12 
