cryptocoinsusa.com                   11 
cryptowalletuk.com                   45 
cryptowallatus.com                    7 
criptowalletweb.com                   5 
cryptowallitt.com                     0 
homelazor.com                         2 
kryptowallets.app                    11 
cryptissues.com                       4 
coindesklogin.com                    11 
coinslogins.com                      14 
cryptowalllets.com                    0 
ledgrstrt.com                         4 
matmusk.com                           0 
metamaksio.com                        6 
ledgercom-start.com                   5 
myextensionwallet.com                 1 
crytostaking.com                      2 
phantom-extension.app                 4 
phantom-solana-wallet.com             4 
ledgerstart-web.com                   4 
ledgrliveus.com                       3 
preloadcomubx.com                     0 
trazor-start.com                      5 
uscoinlogin.com                      18 
myweb3extensionwallet.com             1 
wallcrypus.com                       19 
solflare-wallet.com                   4 
metamask-ios.com                     17 
net7.net                              0 
trzrio.com                            5 
wallletcrypto.com                     1 
walletcryptohub.com                   3 
walletcryptoweb.com                   5 
walletcryptoextension.com            37 
web3walletextension.com               3 
